[  172124ms] [ERROR] Failed to load resource: net::ERR_NETWORK_CHANGED @ https://wms-delta-nine.vercel.app/inventory?_rsc=3qb5YjcGP0mRvnQw:0
[  172125ms] [ERROR] Failed to fetch RSC payload for https://wms-delta-nine.vercel.app/inventory. Falling back to browser navigation. TypeError: Failed to fetch
    at T (https://wms-delta-nine.vercel.app/_next/static/chunks/0vc5ll91764mx.js:1:99497)
    at async R (https://wms-delta-nine.vercel.app/_next/static/chunks/0vc5ll91764mx.js:1:97633)
    at async U (https://wms-delta-nine.vercel.app/_next/static/chunks/0vc5ll91764mx.js:1:108763) @ https://wms-delta-nine.vercel.app/_next/static/chunks/0vc5ll91764mx.js:0
[  172129ms] [ERROR] Failed to load resource: net::ERR_NETWORK_CHANGED @ https://wms-delta-nine.vercel.app/approval?_rsc=JVARqeATZdepLiyp:0
[  172129ms] [ERROR] Failed to fetch RSC payload for https://wms-delta-nine.vercel.app/approval. Falling back to browser navigation. TypeError: Failed to fetch
    at T (https://wms-delta-nine.vercel.app/_next/static/chunks/0vc5ll91764mx.js:1:99497)
    at async R (https://wms-delta-nine.vercel.app/_next/static/chunks/0vc5ll91764mx.js:1:97633)
    at async U (https://wms-delta-nine.vercel.app/_next/static/chunks/0vc5ll91764mx.js:1:108763) @ https://wms-delta-nine.vercel.app/_next/static/chunks/0vc5ll91764mx.js:0
[  172130ms] [ERROR] Failed to load resource: net::ERR_NETWORK_CHANGED @ https://wms-delta-nine.vercel.app/approval?_rsc=zJ8cLf97DU1FXsFC:0
[  172130ms] [ERROR] Failed to fetch RSC payload for https://wms-delta-nine.vercel.app/approval. Falling back to browser navigation. TypeError: Failed to fetch
    at T (https://wms-delta-nine.vercel.app/_next/static/chunks/0vc5ll91764mx.js:1:99497)
    at async R (https://wms-delta-nine.vercel.app/_next/static/chunks/0vc5ll91764mx.js:1:97633)
    at async U (https://wms-delta-nine.vercel.app/_next/static/chunks/0vc5ll91764mx.js:1:108763) @ https://wms-delta-nine.vercel.app/_next/static/chunks/0vc5ll91764mx.js:0
[  172130ms] [ERROR] Failed to load resource: net::ERR_NETWORK_CHANGED @ https://wms-delta-nine.vercel.app/dashboard?_rsc=-h4AOL70D0AGc1ZV:0
[  172130ms] [ERROR] Failed to fetch RSC payload for https://wms-delta-nine.vercel.app/dashboard. Falling back to browser navigation. TypeError: Failed to fetch
    at T (https://wms-delta-nine.vercel.app/_next/static/chunks/0vc5ll91764mx.js:1:99497)
    at async R (https://wms-delta-nine.vercel.app/_next/static/chunks/0vc5ll91764mx.js:1:97633)
    at async U (https://wms-delta-nine.vercel.app/_next/static/chunks/0vc5ll91764mx.js:1:108763) @ https://wms-delta-nine.vercel.app/_next/static/chunks/0vc5ll91764mx.js:0
[  172131ms] [ERROR] Failed to load resource: net::ERR_NETWORK_CHANGED @ https://wms-delta-nine.vercel.app/settings?_rsc=n10Lg-A0INm6F1qY:0
[  172131ms] [ERROR] Failed to fetch RSC payload for https://wms-delta-nine.vercel.app/settings. Falling back to browser navigation. TypeError: Failed to fetch
    at T (https://wms-delta-nine.vercel.app/_next/static/chunks/0vc5ll91764mx.js:1:99497)
    at async R (https://wms-delta-nine.vercel.app/_next/static/chunks/0vc5ll91764mx.js:1:97633)
    at async U (https://wms-delta-nine.vercel.app/_next/static/chunks/0vc5ll91764mx.js:1:108763) @ https://wms-delta-nine.vercel.app/_next/static/chunks/0vc5ll91764mx.js:0
[  172131ms] [ERROR] Failed to load resource: net::ERR_NETWORK_CHANGED @ https://wms-delta-nine.vercel.app/inventory?_rsc=v58uK4IZziFTTMer:0
[  172131ms] [ERROR] Failed to fetch RSC payload for https://wms-delta-nine.vercel.app/inventory. Falling back to browser navigation. TypeError: Failed to fetch
    at T (https://wms-delta-nine.vercel.app/_next/static/chunks/0vc5ll91764mx.js:1:99497)
    at async R (https://wms-delta-nine.vercel.app/_next/static/chunks/0vc5ll91764mx.js:1:97633)
    at async U (https://wms-delta-nine.vercel.app/_next/static/chunks/0vc5ll91764mx.js:1:108763) @ https://wms-delta-nine.vercel.app/_next/static/chunks/0vc5ll91764mx.js:0
[  172134ms] [ERROR] Failed to load resource: net::ERR_NETWORK_CHANGED @ https://wms-delta-nine.vercel.app/approval?_rsc=JVARqeATZdepLiyp:0
[  172134ms] [ERROR] Failed to fetch RSC payload for https://wms-delta-nine.vercel.app/approval. Falling back to browser navigation. TypeError: Failed to fetch
    at T (https://wms-delta-nine.vercel.app/_next/static/chunks/0vc5ll91764mx.js:1:99497)
    at async R (https://wms-delta-nine.vercel.app/_next/static/chunks/0vc5ll91764mx.js:1:97633)
    at async U (https://wms-delta-nine.vercel.app/_next/static/chunks/0vc5ll91764mx.js:1:108763) @ https://wms-delta-nine.vercel.app/_next/static/chunks/0vc5ll91764mx.js:0
